// Jest Snapshot v1, https://goo.gl/fbAQLP

exports[`SelectRepo renders without crashing 1`] = `
Object {
  "asFragment": [Function],
  "baseElement": <body>
    <div>
      <div
        class="SelectRepo"
      >
        <div
          class="SelectRepo__select-box-container"
        >
          <div
            class="select-box"
          >
            <div
              class="select-box__current"
              tabindex="1"
            >
              <div
                class="select-box__value"
              >
                <input
                  checked=""
                  class="select-box__input"
                  id="0"
                  name="foo"
                  readonly=""
                  type="radio"
                  value="123"
                />
                <p
                  class="select-box__input-text"
                >
                  foo
                </p>
              </div>
              <img
                alt="Arrow Icon"
                aria-hidden="true"
                class="select-box__icon"
                src="http://cdn.onlinewebfonts.com/svg/img_295694.svg"
              />
            </div>
            <ul
              class="select-box__list"
            >
              <li>
                <label
                  aria-hidden="aria-hidden"
                  class="select-box__option"
                  for="0"
                >
                  foo
                </label>
              </li>
            </ul>
          </div>
        </div>
      </div>
    </div>
  </body>,
  "container": <div>
    <div
      class="SelectRepo"
    >
      <div
        class="SelectRepo__select-box-container"
      >
        <div
          class="select-box"
        >
          <div
            class="select-box__current"
            tabindex="1"
          >
            <div
              class="select-box__value"
            >
              <input
                checked=""
                class="select-box__input"
                id="0"
                name="foo"
                readonly=""
                type="radio"
                value="123"
              />
              <p
                class="select-box__input-text"
              >
                foo
              </p>
            </div>
            <img
              alt="Arrow Icon"
              aria-hidden="true"
              class="select-box__icon"
              src="http://cdn.onlinewebfonts.com/svg/img_295694.svg"
            />
          </div>
          <ul
            class="select-box__list"
          >
            <li>
              <label
                aria-hidden="aria-hidden"
                class="select-box__option"
                for="0"
              >
                foo
              </label>
            </li>
          </ul>
        </div>
      </div>
    </div>
  </div>,
  "debug": [Function],
  "findAllByAltText": [Function],
  "findAllByDisplayValue": [Function],
  "findAllByLabelText": [Function],
  "findAllByPlaceholderText": [Function],
  "findAllByRole": [Function],
  "findAllByTestId": [Function],
  "findAllByText": [Function],
  "findAllByTitle": [Function],
  "findByAltText": [Function],
  "findByDisplayValue": [Function],
  "findByLabelText": [Function],
  "findByPlaceholderText": [Function],
  "findByRole": [Function],
  "findByTestId": [Function],
  "findByText": [Function],
  "findByTitle": [Function],
  "getAllByAltText": [Function],
  "getAllByDisplayValue": [Function],
  "getAllByLabelText": [Function],
  "getAllByPlaceholderText": [Function],
  "getAllByRole": [Function],
  "getAllByTestId": [Function],
  "getAllByText": [Function],
  "getAllByTitle": [Function],
  "getByAltText": [Function],
  "getByDisplayValue": [Function],
  "getByLabelText": [Function],
  "getByPlaceholderText": [Function],
  "getByRole": [Function],
  "getByTestId": [Function],
  "getByText": [Function],
  "getByTitle": [Function],
  "queryAllByAltText": [Function],
  "queryAllByDisplayValue": [Function],
  "queryAllByLabelText": [Function],
  "queryAllByPlaceholderText": [Function],
  "queryAllByRole": [Function],
  "queryAllByTestId": [Function],
  "queryAllByText": [Function],
  "queryAllByTitle": [Function],
  "queryByAltText": [Function],
  "queryByDisplayValue": [Function],
  "queryByLabelText": [Function],
  "queryByPlaceholderText": [Function],
  "queryByRole": [Function],
  "queryByTestId": [Function],
  "queryByText": [Function],
  "queryByTitle": [Function],
  "rerender": [Function],
  "unmount": [Function],
}
`;
